14:11:28 **** Build of configuration Debug for project zedboard_getting_started_with_zynq ****
make all 
make --no-print-directory pre-build
a9-linaro-pre-build-step
' '
make --no-print-directory main-build
'Building file: ../src/helloworld.c'
'Invoking: ARM v7 gcc compiler'
arm-none-eabi-gcc -Wall -O0 -g3 -c -fmessage-length=0 -MT"src/helloworld.o" -mcpu=cortex-a9 -mfpu=vfpv3 -mfloat-abi=hard -IC:/Users/iankh/Documents/NTHU/8051/Project/8051_ZedBoard/oc8051_fpga_top/export/oc8051_fpga_top/sw/oc8051_fpga_top/domain_ps7_cortexa9_0/bspinclude/include -MMD -MP -MF"src/helloworld.d" -MT"src/helloworld.o" -o "src/helloworld.o" "../src/helloworld.c"
'Finished building: ../src/helloworld.c'
' '
'Building file: ../src/platform.c'
'Invoking: ARM v7 gcc compiler'
arm-none-eabi-gcc -Wall -O0 -g3 -c -fmessage-length=0 -MT"src/platform.o" -mcpu=cortex-a9 -mfpu=vfpv3 -mfloat-abi=hard -IC:/Users/iankh/Documents/NTHU/8051/Project/8051_ZedBoard/oc8051_fpga_top/export/oc8051_fpga_top/sw/oc8051_fpga_top/domain_ps7_cortexa9_0/bspinclude/include -MMD -MP -MF"src/platform.d" -MT"src/platform.o" -o "src/platform.o" "../src/platform.c"
'Finished building: ../src/platform.c'
' '
'Building target: zedboard_getting_started_with_zynq.elf'
'Invoking: ARM v7 gcc linker'
arm-none-eabi-gcc -mcpu=cortex-a9 -mfpu=vfpv3 -mfloat-abi=hard -Wl,-build-id=none -specs=Xilinx.spec -Wl,-T -Wl,../src/lscript.ld -LC:/Users/iankh/Documents/NTHU/8051/Project/8051_ZedBoard/oc8051_fpga_top/export/oc8051_fpga_top/sw/oc8051_fpga_top/domain_ps7_cortexa9_0/bsplib/lib -o "zedboard_getting_started_with_zynq.elf"  ./src/helloworld.o ./src/platform.o   -Wl,--start-group,-lxil,-lgcc,-lc,--end-group
'Finished building target: zedboard_getting_started_with_zynq.elf'
' '
'Invoking: ARM v7 Print Size'
arm-none-eabi-size zedboard_getting_started_with_zynq.elf  |tee "zedboard_getting_started_with_zynq.elf.size"
   text	   data	    bss	    dec	    hex	filename
  23284	   1176	  22584	  47044	   b7c4	zedboard_getting_started_with_zynq.elf
'Finished building: zedboard_getting_started_with_zynq.elf.size'
' '

14:11:29 Build Finished (took 1s.582ms)

